>>> text_indentation = __import__('5-text_indentation').text_indentation

	# Standard Cases
>>> text_indentation("Be. Someone else's. Rainbow")
Be.
<BLANKLINE>
Someone else's.
<BLANKLINE>
Rainbow

>>> text_indentation("")


>>> text_indentation("     ")


>>> text_indentation("Be: Someone? Else's. Rainbow.")
Be:
<BLANKLINE>
Someone?
<BLANKLINE>
Else's.
<BLANKLINE>
Rainbow.
<BLANKLINE>

>>> text_indentation("Wait... What?")
Wait.
<BLANKLINE>
.
<BLANKLINE>
.
<BLANKLINE>
What?
<BLANKLINE>

>>> text_indentation("Hello   world.  Python  is  horrible.")
Hello   world.
<BLANKLINE>
Python  is  horrible.
<BLANKLINE>

>>> text_indentation("Hello world")
Hello world

	# Edge Cases
>>> text_indentation(I've learned that people will forget what you said, people will forget what you did, but people will never forget how you made them feel.)
Traceback (most recent call last):
...
SyntaxError: unterminated string literal (detected at line 1)

>>> text_indentation(["I can be changed by what happens to me. But I refuse to be reduced by it."])
Traceback (most recent call last):
...
TypeError: text must be a string

>>> text_indentation(121565)
Traceback (most recent call last):
...
TypeError: text must be a string

>>> text_indentation([[1, 2, 3], [4, 5, 6]])
Traceback (most recent call last):
...
TypeError: text must be a string

>>> text_indentation()
Traceback (most recent call last):
...
TypeError: text_indentation() missing 1 required positional argument: 'text'